2026-04-15 16:39:31,075 [INFO] 🚀 Запуск Telegram-уведомлений для VIP-заказов (>= 50,000₸)
2026-04-15 16:39:31,076 [INFO] 🔍 Запрашиваем заказы от: 2026-03-01 00:00:00
2026-04-15 16:39:32,478 [INFO] 📦 Найдено заказов: 50
2026-04-15 16:39:32,478 [INFO] ℹ️ Обычный заказ #359 (16000.0₸), пропускаем.
2026-04-15 16:39:32,478 [INFO] ℹ️ Обычный заказ #358 (35000.0₸), пропускаем.
2026-04-15 16:39:32,478 [INFO] ℹ️ Обычный заказ #357 (18000.0₸), пропускаем.
2026-04-15 16:39:32,478 [INFO] ℹ️ Обычный заказ #356 (22000.0₸), пропускаем.
2026-04-15 16:39:32,478 [INFO] ℹ️ Обычный заказ #355 (19500.0₸), пропускаем.
2026-04-15 16:39:32,478 [INFO] 🚨 VIP Заказ! ID: 354, Сумма: 185000.0
2026-04-15 16:39:42,681 [ERROR] ⚠️ Ошибка отправки в Telegram: HTTPSConnectionPool(host='api.telegram.org', port=443): Read timed out. (read timeout=10)
2026-04-15 16:39:42,681 [INFO] ℹ️ Обычный заказ #353 (28000.0₸), пропускаем.
2026-04-15 16:39:42,681 [INFO] ℹ️ Обычный заказ #352 (15500.0₸), пропускаем.
2026-04-15 16:39:42,682 [INFO] ℹ️ Обычный заказ #351 (13000.0₸), пропускаем.
2026-04-15 16:39:42,682 [INFO] ℹ️ Обычный заказ #350 (22000.0₸), пропускаем.
2026-04-15 16:39:42,682 [INFO] ℹ️ Обычный заказ #349 (17500.0₸), пропускаем.
2026-04-15 16:39:42,682 [INFO] ℹ️ Обычный заказ #348 (32000.0₸), пропускаем.
2026-04-15 16:39:42,682 [INFO] ℹ️ Обычный заказ #347 (14000.0₸), пропускаем.
2026-04-15 16:39:42,682 [INFO] ℹ️ Обычный заказ #346 (48000.0₸), пропускаем.
2026-04-15 16:39:42,682 [INFO] ℹ️ Обычный заказ #345 (25000.0₸), пропускаем.
2026-04-15 16:39:42,682 [INFO] ℹ️ Обычный заказ #344 (6000.0₸), пропускаем.
2026-04-15 16:39:42,682 [INFO] 🚨 VIP Заказ! ID: 343, Сумма: 115000.0
2026-04-15 16:39:44,076 [ERROR] ⚠️ Ошибка отправки в Telegram: 400 Client Error: Bad Request for url: https://api.telegram.org/bot8602603610:AAHj3f0m4LstaRaFxTlQP2aCfyy1beYo8Uc/sendMessage
2026-04-15 16:39:44,078 [INFO] ℹ️ Обычный заказ #342 (18000.0₸), пропускаем.
2026-04-15 16:39:44,078 [INFO] ℹ️ Обычный заказ #341 (44000.0₸), пропускаем.
2026-04-15 16:39:44,079 [INFO] ℹ️ Обычный заказ #340 (19000.0₸), пропускаем.
2026-04-15 16:39:44,079 [INFO] 🚨 VIP Заказ! ID: 339, Сумма: 250000.0
2026-04-15 16:39:44,376 [ERROR] ⚠️ Ошибка отправки в Telegram: 400 Client Error: Bad Request for url: https://api.telegram.org/bot8602603610:AAHj3f0m4LstaRaFxTlQP2aCfyy1beYo8Uc/sendMessage
2026-04-15 16:39:44,377 [INFO] ℹ️ Обычный заказ #338 (24000.0₸), пропускаем.
2026-04-15 16:39:44,378 [INFO] ℹ️ Обычный заказ #337 (16500.0₸), пропускаем.
2026-04-15 16:39:44,378 [INFO] ℹ️ Обычный заказ #336 (12000.0₸), пропускаем.
2026-04-15 16:39:44,378 [INFO] ℹ️ Обычный заказ #335 (35000.0₸), пропускаем.
2026-04-15 16:39:44,378 [INFO] ℹ️ Обычный заказ #334 (21000.0₸), пропускаем.
2026-04-15 16:39:44,378 [INFO] ℹ️ Обычный заказ #333 (50000.0₸), пропускаем.
2026-04-15 16:39:44,379 [INFO] 🚨 VIP Заказ! ID: 332, Сумма: 145000.0
2026-04-15 16:39:44,727 [ERROR] ⚠️ Ошибка отправки в Telegram: 400 Client Error: Bad Request for url: https://api.telegram.org/bot8602603610:AAHj3f0m4LstaRaFxTlQP2aCfyy1beYo8Uc/sendMessage
2026-04-15 16:39:44,729 [INFO] 🚨 VIP Заказ! ID: 331, Сумма: 62000.0
2026-04-15 16:39:45,012 [ERROR] ⚠️ Ошибка отправки в Telegram: 400 Client Error: Bad Request for url: https://api.telegram.org/bot8602603610:AAHj3f0m4LstaRaFxTlQP2aCfyy1beYo8Uc/sendMessage
2026-04-15 16:39:45,012 [INFO] 🚨 VIP Заказ! ID: 330, Сумма: 58000.0
2026-04-15 16:39:45,287 [ERROR] ⚠️ Ошибка отправки в Telegram: 400 Client Error: Bad Request for url: https://api.telegram.org/bot8602603610:AAHj3f0m4LstaRaFxTlQP2aCfyy1beYo8Uc/sendMessage
2026-04-15 16:39:45,288 [INFO] ℹ️ Обычный заказ #329 (31000.0₸), пропускаем.
2026-04-15 16:39:45,288 [INFO] ℹ️ Обычный заказ #328 (14500.0₸), пропускаем.
2026-04-15 16:39:45,288 [INFO] ℹ️ Обычный заказ #327 (45000.0₸), пропускаем.
2026-04-15 16:39:45,288 [INFO] ℹ️ Обычный заказ #326 (32000.0₸), пропускаем.
2026-04-15 16:39:45,288 [INFO] ℹ️ Обычный заказ #325 (45000.0₸), пропускаем.
2026-04-15 16:39:45,289 [INFO] ℹ️ Обычный заказ #324 (10000.0₸), пропускаем.
2026-04-15 16:39:45,289 [INFO] ℹ️ Обычный заказ #323 (38000.0₸), пропускаем.
2026-04-15 16:39:45,289 [INFO] ℹ️ Обычный заказ #322 (22500.0₸), пропускаем.
2026-04-15 16:39:45,289 [INFO] ℹ️ Обычный заказ #321 (42000.0₸), пропускаем.
2026-04-15 16:39:45,289 [INFO] 🚨 VIP Заказ! ID: 320, Сумма: 120000.0
2026-04-15 16:39:45,741 [ERROR] ⚠️ Ошибка отправки в Telegram: 400 Client Error: Bad Request for url: https://api.telegram.org/bot8602603610:AAHj3f0m4LstaRaFxTlQP2aCfyy1beYo8Uc/sendMessage
2026-04-15 16:39:45,742 [INFO] ℹ️ Обычный заказ #319 (19500.0₸), пропускаем.
2026-04-15 16:39:45,742 [INFO] ℹ️ Обычный заказ #318 (40000.0₸), пропускаем.
2026-04-15 16:39:45,742 [INFO] 🚨 VIP Заказ! ID: 317, Сумма: 85000.0
2026-04-15 16:39:46,081 [ERROR] ⚠️ Ошибка отправки в Telegram: 400 Client Error: Bad Request for url: https://api.telegram.org/bot8602603610:AAHj3f0m4LstaRaFxTlQP2aCfyy1beYo8Uc/sendMessage
2026-04-15 16:39:46,082 [INFO] ℹ️ Обычный заказ #316 (28000.0₸), пропускаем.
2026-04-15 16:39:46,082 [INFO] ℹ️ Обычный заказ #315 (22000.0₸), пропускаем.
2026-04-15 16:39:46,083 [INFO] 🚨 VIP Заказ! ID: 314, Сумма: 63000.0
2026-04-15 16:39:46,367 [ERROR] ⚠️ Ошибка отправки в Telegram: 400 Client Error: Bad Request for url: https://api.telegram.org/bot8602603610:AAHj3f0m4LstaRaFxTlQP2aCfyy1beYo8Uc/sendMessage
2026-04-15 16:39:46,368 [INFO] ℹ️ Обычный заказ #313 (37500.0₸), пропускаем.
2026-04-15 16:39:46,368 [INFO] ℹ️ Обычный заказ #312 (18000.0₸), пропускаем.
2026-04-15 16:39:46,368 [INFO] ℹ️ Обычный заказ #311 (39000.0₸), пропускаем.
2026-04-15 16:39:46,368 [INFO] ℹ️ Обычный заказ #310 (45000.0₸), пропускаем.
2026-04-15 16:40:30,280 [INFO] ❌ Получен сигнал остановки. Завершаем работу graceful...
2026-04-15 16:40:30,545 [INFO] 👋 Скрипт остановлен.
2026-04-15 16:40:31,940 [INFO] 🚀 Запуск Telegram-уведомлений для VIP-заказов (>= 50,000₸)
2026-04-15 16:40:31,941 [INFO] 🔍 Запрашиваем заказы от: 2026-04-13 13:04:18
2026-04-15 16:40:32,227 [INFO] 📦 Найдено заказов: 0
2026-04-15 16:40:52,226 [INFO] ❌ Получен сигнал остановки. Завершаем работу graceful...
2026-04-15 16:40:52,300 [INFO] 👋 Скрипт остановлен.
2026-04-15 16:41:03,972 [INFO] 🚀 Запуск Telegram-уведомлений для VIP-заказов (>= 50,000₸)
2026-04-15 16:41:03,973 [INFO] 🔍 Запрашиваем заказы от: 2026-03-01 00:00:00
2026-04-15 16:41:06,338 [INFO] 📦 Найдено заказов: 50
2026-04-15 16:41:06,338 [INFO] ℹ️ Обычный заказ #359 (16000.0₸), пропускаем.
2026-04-15 16:41:06,338 [INFO] ℹ️ Обычный заказ #358 (35000.0₸), пропускаем.
2026-04-15 16:41:06,338 [INFO] ℹ️ Обычный заказ #357 (18000.0₸), пропускаем.
2026-04-15 16:41:06,338 [INFO] ℹ️ Обычный заказ #356 (22000.0₸), пропускаем.
2026-04-15 16:41:06,338 [INFO] ℹ️ Обычный заказ #355 (19500.0₸), пропускаем.
2026-04-15 16:41:06,338 [INFO] 🚨 VIP Заказ! ID: 354, Сумма: 185000.0
2026-04-15 16:41:06,686 [INFO] 📩 Сообщение успешно доставлено в Telegram
2026-04-15 16:41:06,688 [INFO] ℹ️ Обычный заказ #353 (28000.0₸), пропускаем.
2026-04-15 16:41:06,688 [INFO] ℹ️ Обычный заказ #352 (15500.0₸), пропускаем.
2026-04-15 16:41:06,688 [INFO] ℹ️ Обычный заказ #351 (13000.0₸), пропускаем.
2026-04-15 16:41:06,688 [INFO] ℹ️ Обычный заказ #350 (22000.0₸), пропускаем.
2026-04-15 16:41:06,688 [INFO] ℹ️ Обычный заказ #349 (17500.0₸), пропускаем.
2026-04-15 16:41:06,688 [INFO] ℹ️ Обычный заказ #348 (32000.0₸), пропускаем.
2026-04-15 16:41:06,688 [INFO] ℹ️ Обычный заказ #347 (14000.0₸), пропускаем.
2026-04-15 16:41:06,688 [INFO] ℹ️ Обычный заказ #346 (48000.0₸), пропускаем.
2026-04-15 16:41:06,688 [INFO] ℹ️ Обычный заказ #345 (25000.0₸), пропускаем.
2026-04-15 16:41:06,688 [INFO] ℹ️ Обычный заказ #344 (6000.0₸), пропускаем.
2026-04-15 16:41:06,688 [INFO] 🚨 VIP Заказ! ID: 343, Сумма: 115000.0
2026-04-15 16:41:06,992 [INFO] 📩 Сообщение успешно доставлено в Telegram
2026-04-15 16:41:06,994 [INFO] ℹ️ Обычный заказ #342 (18000.0₸), пропускаем.
2026-04-15 16:41:06,994 [INFO] ℹ️ Обычный заказ #341 (44000.0₸), пропускаем.
2026-04-15 16:41:06,994 [INFO] ℹ️ Обычный заказ #340 (19000.0₸), пропускаем.
2026-04-15 16:41:06,994 [INFO] 🚨 VIP Заказ! ID: 339, Сумма: 250000.0
2026-04-15 16:41:07,298 [INFO] 📩 Сообщение успешно доставлено в Telegram
2026-04-15 16:41:07,301 [INFO] ℹ️ Обычный заказ #338 (24000.0₸), пропускаем.
2026-04-15 16:41:07,301 [INFO] ℹ️ Обычный заказ #337 (16500.0₸), пропускаем.
2026-04-15 16:41:07,301 [INFO] ℹ️ Обычный заказ #336 (12000.0₸), пропускаем.
2026-04-15 16:41:07,301 [INFO] ℹ️ Обычный заказ #335 (35000.0₸), пропускаем.
2026-04-15 16:41:07,301 [INFO] ℹ️ Обычный заказ #334 (21000.0₸), пропускаем.
2026-04-15 16:41:07,301 [INFO] ℹ️ Обычный заказ #333 (50000.0₸), пропускаем.
2026-04-15 16:41:07,301 [INFO] 🚨 VIP Заказ! ID: 332, Сумма: 145000.0
2026-04-15 16:41:07,592 [INFO] 📩 Сообщение успешно доставлено в Telegram
2026-04-15 16:41:07,595 [INFO] 🚨 VIP Заказ! ID: 331, Сумма: 62000.0
2026-04-15 16:41:08,006 [INFO] 📩 Сообщение успешно доставлено в Telegram
2026-04-15 16:41:08,007 [INFO] 🚨 VIP Заказ! ID: 330, Сумма: 58000.0
2026-04-15 16:41:08,317 [INFO] 📩 Сообщение успешно доставлено в Telegram
2026-04-15 16:41:08,320 [INFO] ℹ️ Обычный заказ #329 (31000.0₸), пропускаем.
2026-04-15 16:41:08,320 [INFO] ℹ️ Обычный заказ #328 (14500.0₸), пропускаем.
2026-04-15 16:41:08,320 [INFO] ℹ️ Обычный заказ #327 (45000.0₸), пропускаем.
2026-04-15 16:41:08,320 [INFO] ℹ️ Обычный заказ #326 (32000.0₸), пропускаем.
2026-04-15 16:41:08,320 [INFO] ℹ️ Обычный заказ #325 (45000.0₸), пропускаем.
2026-04-15 16:41:08,320 [INFO] ℹ️ Обычный заказ #324 (10000.0₸), пропускаем.
2026-04-15 16:41:08,320 [INFO] ℹ️ Обычный заказ #323 (38000.0₸), пропускаем.
2026-04-15 16:41:08,321 [INFO] ℹ️ Обычный заказ #322 (22500.0₸), пропускаем.
2026-04-15 16:41:08,321 [INFO] ℹ️ Обычный заказ #321 (42000.0₸), пропускаем.
2026-04-15 16:41:08,321 [INFO] 🚨 VIP Заказ! ID: 320, Сумма: 120000.0
2026-04-15 16:41:08,617 [INFO] 📩 Сообщение успешно доставлено в Telegram
2026-04-15 16:41:08,619 [INFO] ℹ️ Обычный заказ #319 (19500.0₸), пропускаем.
2026-04-15 16:41:08,619 [INFO] ℹ️ Обычный заказ #318 (40000.0₸), пропускаем.
2026-04-15 16:41:08,619 [INFO] 🚨 VIP Заказ! ID: 317, Сумма: 85000.0
2026-04-15 16:41:08,970 [INFO] 📩 Сообщение успешно доставлено в Telegram
2026-04-15 16:41:08,972 [INFO] ℹ️ Обычный заказ #316 (28000.0₸), пропускаем.
2026-04-15 16:41:08,972 [INFO] ℹ️ Обычный заказ #315 (22000.0₸), пропускаем.
2026-04-15 16:41:08,972 [INFO] 🚨 VIP Заказ! ID: 314, Сумма: 63000.0
2026-04-15 16:41:09,324 [INFO] 📩 Сообщение успешно доставлено в Telegram
2026-04-15 16:41:09,325 [INFO] ℹ️ Обычный заказ #313 (37500.0₸), пропускаем.
2026-04-15 16:41:09,326 [INFO] ℹ️ Обычный заказ #312 (18000.0₸), пропускаем.
2026-04-15 16:41:09,326 [INFO] ℹ️ Обычный заказ #311 (39000.0₸), пропускаем.
2026-04-15 16:41:09,326 [INFO] ℹ️ Обычный заказ #310 (45000.0₸), пропускаем.
2026-04-15 16:42:09,639 [INFO] 🔍 Запрашиваем заказы от: 2026-04-13 13:04:18
2026-04-15 16:42:09,909 [INFO] 📦 Найдено заказов: 0
2026-04-15 16:43:10,117 [INFO] 🔍 Запрашиваем заказы от: 2026-04-15 16:42:09
2026-04-15 16:43:10,424 [INFO] 📦 Найдено заказов: 0
2026-04-15 16:44:10,659 [INFO] 🔍 Запрашиваем заказы от: 2026-04-15 16:43:10
2026-04-15 16:44:11,151 [INFO] 📦 Найдено заказов: 0
2026-04-15 16:45:11,371 [INFO] 🔍 Запрашиваем заказы от: 2026-04-15 16:44:10
2026-04-15 16:45:11,653 [INFO] 📦 Найдено заказов: 0
2026-04-15 16:46:11,850 [INFO] 🔍 Запрашиваем заказы от: 2026-04-15 16:45:11
2026-04-15 16:46:12,221 [INFO] 📦 Найдено заказов: 0
2026-04-15 16:47:12,394 [INFO] 🔍 Запрашиваем заказы от: 2026-04-15 16:46:11
2026-04-15 16:47:12,712 [INFO] 📦 Найдено заказов: 0
2026-04-15 16:47:17,182 [INFO] ❌ Получен сигнал остановки. Завершаем работу graceful...
2026-04-15 16:47:17,730 [INFO] 👋 Скрипт остановлен.
